[20:51:31] === P1 30S146E lat=1800 lon=8760 ===
[20:52:48]   vanilla ok, ug seed 2535348408952642603
[21:10:36]     attach failed (attempt 1/3); relaunching
[21:17:03]   expanded ok
[21:17:10]   compared; wonders: ['AncientArtifact', 'JumboCave']
[21:17:10] === b2-01 51S13W lat=3060 lon=-780 ===
[21:18:15]   vanilla ok, ug seed 6897190323242569227
[21:20:08]   expanded ok
[21:20:12]   compared; wonders: ['AncientArtifact', 'BottomlessPit']
[21:20:12] === b2-04 4S107E lat=240 lon=6420 ===
[21:21:11]   vanilla ok, ug seed 8736761973933965003
[21:23:16]   expanded ok
[21:23:19]   compared; wonders: ['AncientArtifact', 'BottomlessPit']
[21:23:19] === b2-07 55S164E lat=3300 lon=9840 ===
[21:24:19]   vanilla ok, ug seed 3500499737872786970
[21:26:10]   expanded ok
[21:26:14]   compared; wonders: ['CaveOfWonders', 'JumboCave']
[21:26:14] === b2-10 51S110W lat=3060 lon=-6600 ===
[21:27:16]   vanilla ok, ug seed 8384283635741179153
[21:29:19]   expanded ok
[21:29:23]   compared; wonders: ['BottomlessPit', 'CaveOfWonders']
[21:29:23] wonder classes seen so far: ['AncientArtifact', 'BottomlessPit', 'CaveOfWonders', 'JumboCave']  missing: []
[21:29:23] results -> D:\PROJS\SMR\super-big-map\_ralph\tools\parity\sweep\sweep_results_focus.json
