{
  "effect_checks": {
    "surface_layer_three_is_allowed": true,
    "surface_layers_one_and_two_are_excluded": true,
    "underground_is_unchanged": true,
    "unverified_mountain_perimeter_remains_excluded": true,
    "verified_mountain_pad_is_narrow_exception": true
  },
  "effect_passed": 5,
  "effect_total": 5,
  "feather_checks": {
    "core_is_fully_graded": true,
    "core_join_has_zero_slope": true,
    "outer_join_has_zero_slope": true,
    "outer_terrain_is_untouched": true,
    "weight_is_monotone": true
  },
  "feather_passed": 5,
  "feather_total": 5,
  "ok": true,
  "preference_checks": {
    "mountain_base_is_eligible": true,
    "mountain_plateau_is_deprioritized": true,
    "plain_sector_remains_eligible": true,
    "steep_slope_is_rejected": true
  },
  "preference_passed": 4,
  "preference_total": 4,
  "preferred_candidates": [
    "plain_flat",
    "mountain_base_flat"
  ],
  "quota_spacing_checks": {
    "adjacent_hex_is_rejected": true,
    "diagonal_axial_distance_is_enforced": true,
    "same_hex_is_rejected": true,
    "three_hexes_is_accepted": true,
    "two_hexes_is_rejected": true
  },
  "quota_spacing_passed": 5,
  "quota_spacing_total": 5,
  "relief_checks": {
    "real_mountain_foot_is_accepted": true,
    "rolling_ground_is_rejected": true,
    "single_height_outlier_is_rejected": true
  },
  "relief_passed": 3,
  "relief_total": 3,
  "schema": "smr.ralph.mountain_base_enrichment_policy_check",
  "schema_version": 10,
  "static_checks": {
    "all_topups_enforce_three_hex_enrichment_spacing": true,
    "already_buildable_foothills_are_unchanged": true,
    "anomalies_are_capped_at_three_per_resource_cluster": true,
    "anomaly_capacity_has_no_one_per_sector_cap": true,
    "anomaly_outer_ring_is_two_sectors": true,
    "anomaly_path_uses_live_outer_ring": true,
    "anomaly_redistribution_is_fail_closed": true,
    "anomaly_ten_hex_policy_gets_complete_plan_capacity": true,
    "audit_rejects_every_anomaly_outside_ring": true,
    "audit_requires_flat_buildable": true,
    "audit_requires_unobstructed": true,
    "audit_runs_with_ring_disabled": true,
    "badge_has_no_active_ring_without_config": true,
    "badge_relocation_preserves_resource_quota_policy": true,
    "badge_relocation_preserves_three_hex_topup_spacing": true,
    "base_quota_is_configured": true,
    "base_quota_is_emphasized": true,
    "base_quota_selector_exists": true,
    "base_selector_is_capped_per_sector": true,
    "cluster_strength_weighting_and_single_anchor_are_explicit": true,
    "combined_cluster_rewards_are_capped_at_five": true,
    "compiled_anomaly_outer_ring_uses_config": true,
    "dome_effect_exclusion_is_two_sectors": true,
    "effect_cached_pool_checks_exclusion": true,
    "effect_exclusion_is_audited": true,
    "effect_exclusion_is_surface_only": true,
    "effect_fresh_samples_check_exclusion": true,
    "effect_selector_rechecks_exclusion": true,
    "every_resource_cluster_requires_one_to_three_extractors": true,
    "final_buildable_grid_audits_aprons": true,
    "fixed_mountain_base_resource_quota_is_removed": true,
    "foothill_selection_is_pseudorandom_without_rng_cost": true,
    "general_cluster_and_terrain_rules_have_no_scenario_special_case": true,
    "generation_enforces_surface_audit": true,
    "metadata_version_is_v936_or_newer": true,
    "minor_relief_is_excluded": true,
    "mountain_base_resource_minimum_is_compiled": true,
    "mountain_pad_effect_exception_requires_exact_verified_hex": true,
    "natural_aprons_enabled": true,
    "natural_aprons_have_no_scenario_special_case": true,
    "natural_aprons_keep_gentle_grade": true,
    "natural_aprons_reject_obvious_cliffs": true,
    "natural_aprons_require_mountain_relief": true,
    "natural_aprons_reserve_288_opportunities": true,
    "natural_aprons_use_irregular_boundary": true,
    "natural_aprons_use_outer_two_sectors": true,
    "natural_aprons_use_quintic_feather": true,
    "natural_aprons_use_small_core_and_broad_transition": true,
    "ordinary_resources_preserve_exact_repulsion": true,
    "outer_anomalies_clear_all_existing_enrichments": true,
    "outer_resource_terrain_preparation_is_enabled": true,
    "outer_resource_terrain_uses_live_extractor_shapes": true,
    "outer_resource_terrain_uses_two_sector_world_band": true,
    "preference_is_per_sector": true,
    "preference_keeps_plain_sectors": true,
    "pure_v738_capture_precedes_aprons": true,
    "relief_requires_multiple_samples": true,
    "resource_census_always_rejects_wrong_family_ring_placement": true,
    "resource_census_counts_only_guaranteed_quota_topups_toward_minimum": true,
    "resource_census_preinit_gate_is_fail_closed": true,
    "resource_census_reports_and_gates_inner_band_share": true,
    "resource_census_reports_and_gates_outermost_share": true,
    "resource_census_runs_before_and_after_deferred_initialization": true,
    "resource_census_separates_anomalies_effects_and_native_resources": true,
    "resource_cluster_bounds_are_one_to_five_with_one_to_three_extractors": true,
    "resource_cluster_count_is_eight_to_twelve": true,
    "resource_cluster_count_is_fail_closed": true,
    "resource_cluster_pads_are_rebuilt_from_final_height_field": true,
    "resource_clusters_are_general_seeded_plan_components": true,
    "resource_clusters_are_separated_beyond_the_cluster_radius": true,
    "resource_clusters_use_live_rocket_shape": true,
    "resource_quota_guarantees_60_40_disjoint_band_split": true,
    "resource_quota_has_documented_three_hex_policy": true,
    "resource_quota_has_no_scenario_special_case": true,
    "resource_quota_is_audited": true,
    "resource_quota_marks_ordinary_resource_topups": true,
    "resource_quota_places_before_general_resources": true,
    "resource_quota_rejects_edge_crossing_extractor_footprints": true,
    "resource_quota_uses_authoritative_terrain_validation": true,
    "resource_quota_uses_bounded_direct_seeded_candidates": true,
    "resource_quota_uses_physical_outer_two_sector_band": true,
    "resource_quota_uses_published_apron_centers": true,
    "resource_terrain_audit_is_fail_closed": true,
    "resource_terrain_irregularity_never_shrinks_level_core": true,
    "resource_terrain_levels_only_live_footprint_margin": true,
    "resource_terrain_preserves_native_transition_detail": true,
    "resource_terrain_rebuild_precedes_anomaly_effect_placement": true,
    "resource_terrain_transition_expands_with_cut_fill_height": true,
    "resource_terrain_transition_is_broad_and_irregular": true,
    "resource_terrain_transition_tracks_local_relief": true,
    "resource_terrain_uses_seamless_quintic_feather": true,
    "steepness_never_relaxed": true,
    "surface_deposit_pairs_are_the_only_neighbour_exception": true,
    "surface_resource_repairs_retain_a_safe_local_grade": true,
    "surface_resources_require_exact_rover_tile_passability": true,
    "surface_sampling_plan_is_shuffled": true,
    "surface_scores_mountain_bases": true,
    "surface_stratifies_every_sector": true,
    "surface_uses_sector_balancing": true,
    "topups_clear_edge_marker": true,
    "topups_record_base_marker": true
  },
  "static_passed": 101,
  "static_total": 101,
  "synthetic_cases": [
    {
      "actual_valid": true,
      "buildable": true,
      "expected_valid": true,
      "flat": true,
      "mountain_base": false,
      "name": "plain_flat",
      "ok": true,
      "passable": true,
      "sector": "plain",
      "unobstructed": true
    },
    {
      "actual_valid": true,
      "buildable": true,
      "expected_valid": true,
      "flat": true,
      "mountain_base": true,
      "name": "mountain_base_flat",
      "ok": true,
      "passable": true,
      "sector": "mountain",
      "unobstructed": true
    },
    {
      "actual_valid": true,
      "buildable": true,
      "expected_valid": true,
      "flat": true,
      "mountain_base": false,
      "name": "mountain_plateau_flat",
      "ok": true,
      "passable": true,
      "sector": "mountain",
      "unobstructed": true
    },
    {
      "actual_valid": false,
      "buildable": true,
      "expected_valid": false,
      "flat": false,
      "mountain_base": false,
      "name": "steep_slope",
      "ok": true,
      "passable": true,
      "sector": "mountain",
      "unobstructed": true
    },
    {
      "actual_valid": false,
      "buildable": false,
      "expected_valid": false,
      "flat": true,
      "mountain_base": false,
      "name": "unbuildable_cliff",
      "ok": true,
      "passable": true,
      "sector": "mountain",
      "unobstructed": true
    },
    {
      "actual_valid": false,
      "buildable": true,
      "expected_valid": false,
      "flat": true,
      "mountain_base": true,
      "name": "blocked_base",
      "ok": true,
      "passable": true,
      "sector": "mountain",
      "unobstructed": false
    }
  ],
  "synthetic_passed": 6,
  "synthetic_total": 6
}
