[10:22:31] === twin 'zq04' expand=False seed=4740483604589633956 pin=4740483604589633956 serial_raster=True decal_probe=False camera_probe=False fx_probe=False pit_probe=False decor_probe=False mark_probe=False entrance_audit=False proc_trace=False pass_probe=False draw_probe=False passage_pin=True tag_order_pin=False point_probe=False field_probe=False slot_probe=False anom_probe=False play_probe=False hexgrid=False save_as=None lat=2520 lon=-1680 ===
[10:22:31] spawned MarsDebug.exe pid=47356 (zq04), log -> D:\PROJS\SMR\super-big-map\_ralph\tools\parity\out\game-zq04.log
[10:22:31] connecting DAP (zq04)...
[10:22:40] harness ready (zq04)
[10:22:40] generation started (zq04): parity_thread_started {
	metatable = table: 00000233CB064780 [1]
}
[10:22:40]   gen-zq04: initializing  (+0s)
[10:22:51]   gen-zq04: generating  (+10s)
[10:23:22]   gen-zq04: complete  (+41s)
[10:23:22] generation complete (zq04)
[10:23:22]   surface seed=-8686087843927525788  underground seed=4740483604589633956
[10:23:22]   passage-fallback pin seed=301460102 redirected_around=1 redirected_passable=0
[10:23:22]   pin call #01 around status=generating slot=1 env=Surface size=614400x614400 center=(240000,348132,nil) max_radius=nil min_radius=nil filter=nil cursor=415661308->777998755 -> (391375,149875,nil) mod_radius=nil mod_calls=nil around_global=function: 00000233CC585B98 pin=function: 00000233CC585B98
[10:23:22]   passage-fallback pin calls -> D:\PROJS\SMR\super-big-map\_ralph\tools\parity\out\passagepincalls-zq04.log
[10:23:23]   zones probe: surface=6144x6144 fmt=U16 underground=6144x6144 fmt=U16
[10:23:23]   dump-zq04: running  (+0s)
[10:23:27]   dump-zq04: complete  (+4s)
[10:23:27] dump complete (zq04): 11144 objects -> D:\PROJS\SMR\super-big-map\_ralph\tools\parity\out\objects-zq04.csv
[10:23:27]   raster const tables patched: 1
[10:23:27]   raster div before: 8
[10:23:27]   raster div seen by generator: 1
[10:23:29] result: {"tag": "zq04", "expand": false, "surface_seed": -8686087843927525788, "underground_seed": 4740483604589633956, "underground_pin": 4740483604589633956, "passage_pin": 301460102, "passage_pin_around": 1, "passage_pin_passable": 0, "passage_pin_calls": ["#01 around status=generating slot=1 env=Surface size=614400x614400 center=(240000,348132,nil) max_radius=nil min_radius=nil filter=nil cursor=415661308->777998755 -> (391375,149875,nil) mod_radius=nil mod_calls=nil around_global=function: 00000233CC585B98 pin=function: 00000233CC585B98"], "tag_order_pin": null, "rows": 11144, "csv": "D:\\PROJS\\SMR\\super-big-map\\_ralph\\tools\\parity\\out\\objects-zq04.csv", "hexgrid": null, "savegame": null}
