[10:19:10] === twin 'zq03' expand=False seed=4740483604589633956 pin=4740483604589633956 serial_raster=True decal_probe=False camera_probe=False fx_probe=False pit_probe=False decor_probe=False mark_probe=False entrance_audit=False proc_trace=False pass_probe=False draw_probe=False passage_pin=True tag_order_pin=False point_probe=False field_probe=False slot_probe=False anom_probe=False play_probe=False hexgrid=False save_as=None lat=2520 lon=-1680 ===
[10:19:10] spawned MarsDebug.exe pid=55224 (zq03), log -> D:\PROJS\SMR\super-big-map\_ralph\tools\parity\out\game-zq03.log
[10:19:10] connecting DAP (zq03)...
[10:19:19] harness ready (zq03)
[10:19:19] generation started (zq03): parity_thread_started {
	metatable = table: 0000021C5D8C4780 [1]
}
[10:19:19]   gen-zq03: initializing  (+0s)
[10:19:30]   gen-zq03: generating  (+10s)
[10:20:01]   gen-zq03: complete  (+41s)
[10:20:01] generation complete (zq03)
[10:20:01]   surface seed=-8686087843927525788  underground seed=4740483604589633956
[10:20:01]   passage-fallback pin seed=301460102 redirected_around=1 redirected_passable=0
[10:20:01]   pin call #01 around status=generating slot=1 env=Surface size=614400x614400 center=(240000,348132,nil) max_radius=nil min_radius=nil filter=nil cursor=415661308->777998755 -> (391375,149875,nil) mod_radius=nil mod_calls=nil around_global=function: 0000021C5DD6B0A0 pin=function: 0000021C5DD6B0A0
[10:20:01]   passage-fallback pin calls -> D:\PROJS\SMR\super-big-map\_ralph\tools\parity\out\passagepincalls-zq03.log
[10:20:41]   zones probe: rows=55
[10:20:41]   dump-zq03: running  (+0s)
[10:20:45]   dump-zq03: complete  (+4s)
[10:20:45] dump complete (zq03): 11144 objects -> D:\PROJS\SMR\super-big-map\_ralph\tools\parity\out\objects-zq03.csv
[10:20:45]   raster const tables patched: 1
[10:20:45]   raster div before: 8
[10:20:45]   raster div seen by generator: 1
[10:20:48] result: {"tag": "zq03", "expand": false, "surface_seed": -8686087843927525788, "underground_seed": 4740483604589633956, "underground_pin": 4740483604589633956, "passage_pin": 301460102, "passage_pin_around": 1, "passage_pin_passable": 0, "passage_pin_calls": ["#01 around status=generating slot=1 env=Surface size=614400x614400 center=(240000,348132,nil) max_radius=nil min_radius=nil filter=nil cursor=415661308->777998755 -> (391375,149875,nil) mod_radius=nil mod_calls=nil around_global=function: 0000021C5DD6B0A0 pin=function: 0000021C5DD6B0A0"], "tag_order_pin": null, "rows": 11144, "csv": "D:\\PROJS\\SMR\\super-big-map\\_ralph\\tools\\parity\\out\\objects-zq03.csv", "hexgrid": null, "savegame": null}
